// Jest Snapshot v1, https://goo.gl/fbAQLP

exports[`renders with default props 1`] = `
<div
  className="sc-bwzfXH ktgsWQ sc-bdVaJa dVavXz"
  direction="normal"
  display="block"
/>
`;
